332nd_units\_textures\aviation\uniforms\captain\armor lower_co.png
332nd_units\_textures\aviation\uniforms\captain\armor upper_co.png
332nd_units\_textures\aviation\uniforms\ensign\armor lower_co.png
332nd_units\_textures\aviation\uniforms\ensign\armor upper_co.png
332nd_units\_textures\aviation\uniforms\flight_cadet\armor lower_co.png
332nd_units\_textures\aviation\uniforms\flight_cadet\armor upper_co.png
332nd_units\_textures\aviation\uniforms\flight_officer\armor lower_co.png
332nd_units\_textures\aviation\uniforms\flight_officer\armor upper_co.png
332nd_units\_textures\aviation\uniforms\jr_lieutenant\armor lower_co.png
332nd_units\_textures\aviation\uniforms\jr_lieutenant\armor upper_co.png
332nd_units\_textures\aviation\uniforms\lieutenant\armor lower_co.png
332nd_units\_textures\aviation\uniforms\lieutenant\armor upper_co.png
332nd_units\_textures\aviation\uniforms\snr_ensign\armor lower_co.png
332nd_units\_textures\aviation\uniforms\snr_ensign\armor upper_co.png
332nd_units\_textures\infantry\uniforms\medic\cadet\cadet medic lower_co.png
332nd_units\_textures\infantry\uniforms\medic\cadet\cadet medic upper_co.png
332nd_units\_textures\infantry\uniforms\medic\corporal\cp medic lower_co.png
332nd_units\_textures\infantry\uniforms\medic\corporal\cp medic upper_co.png
332nd_units\_textures\infantry\uniforms\medic\senior_trooper\medic snr trooper lower_co.png
332nd_units\_textures\infantry\uniforms\medic\senior_trooper\medic snr trooper upper_co.png
332nd_units\_textures\infantry\uniforms\medic\trooper\medic trooper lower_co.png
332nd_units\_textures\infantry\uniforms\medic\trooper\medic trooper upper_co.png
332nd_units\_textures\infantry\uniforms\medic\veteran_trooper\medic vt trooper lower_co.png
332nd_units\_textures\infantry\uniforms\medic\veteran_trooper\medic vt trooper upper_co.png
332nd_units\_textures\infantry\uniforms\rto\cadet\rto cadet lower_co.png
332nd_units\_textures\infantry\uniforms\rto\cadet\rto cadet upper_co.png
332nd_units\_textures\infantry\uniforms\rto\corporal\rto cp lower_co.png
332nd_units\_textures\infantry\uniforms\rto\corporal\rto cp upper_co.png
332nd_units\_textures\infantry\uniforms\rto\senior_trooper\rto snr trooper lower_co.png
332nd_units\_textures\infantry\uniforms\rto\senior_trooper\rto snr trooper upper_co.png
332nd_units\_textures\infantry\uniforms\rto\trooper\rto trooper lower_co.png
332nd_units\_textures\infantry\uniforms\rto\trooper\rto trooper upper_co.png
332nd_units\_textures\infantry\uniforms\rto\veteran_trooper\rto vt trooper lower_co.png
332nd_units\_textures\infantry\uniforms\rto\veteran_trooper\rto vt trooper upper_co.png
